../Core/Src/main.c:69:6:feedback	8	static
../Core/Src/main.c:86:6:PID_Process	24	static
../Core/Src/main.c:97:10:PID_Set_PWM	4	static
../Core/Src/main.c:116:6:HAL_UART_RxCpltCallback	16	static
../Core/Src/main.c:140:6:UART_Handle	8	static
../Core/Src/main.c:224:5:main	8	static
../Core/Src/main.c:277:6:SystemClock_Config	72	static
../Core/Src/main.c:316:13:MX_TIM1_Init	96	static
../Core/Src/main.c:395:13:MX_TIM2_Init	56	static
../Core/Src/main.c:444:13:MX_TIM3_Init	56	static
../Core/Src/main.c:493:13:MX_USART3_UART_Init	8	static
../Core/Src/main.c:526:13:MX_GPIO_Init	40	static
../Core/Src/main.c:566:6:Error_Handler	4	static,ignoring_inline_asm
