../Core/Src/main.c:87:6:delay_us	16	static
../Core/Src/main.c:94:9:get_distance	8	static
../Core/Src/main.c:120:6:cal_pid	24	static
../Core/Src/main.c:156:6:HAL_UART_RxCpltCallback	16	static
../Core/Src/main.c:180:6:ham_chuyen	8	static
../Core/Src/main.c:202:6:UART_Handle	8	static
../Core/Src/main.c:383:5:main	8	static
../Core/Src/main.c:436:6:SystemClock_Config	72	static
../Core/Src/main.c:475:13:MX_TIM1_Init	96	static
../Core/Src/main.c:554:13:MX_TIM2_Init	56	static
../Core/Src/main.c:603:13:MX_TIM3_Init	56	static
../Core/Src/main.c:652:13:MX_TIM4_Init	64	static
../Core/Src/main.c:711:13:MX_USART3_UART_Init	8	static
../Core/Src/main.c:744:13:MX_GPIO_Init	40	static
../Core/Src/main.c:800:6:Error_Handler	4	static,ignoring_inline_asm
