../Core/Src/main.c:80:5:BUTTON_Handle	16	static
../Core/Src/main.c:115:5:main	112	static
../Core/Src/main.c:200:6:SystemClock_Config	72	static
../Core/Src/main.c:240:13:MX_USART2_UART_Init	8	static
../Core/Src/main.c:273:13:MX_GPIO_Init	40	static
../Core/Src/main.c:315:6:StartNormalTask	24	static
../Core/Src/main.c:338:6:StartHighTask	32	static
../Core/Src/main.c:368:6:StartLowTask	32	static
../Core/Src/main.c:399:6:HAL_TIM_PeriodElapsedCallback	16	static
../Core/Src/main.c:416:6:Error_Handler	4	static,ignoring_inline_asm
