15:09:42 **** Incremental Build of configuration Debug for project LCD ****
make -j8 all 
arm-none-eabi-size   LCD.elf 
   text	   data	    bss	    dec	    hex	filename
  10704	     28	   1740	  12472	   30b8	LCD.elf
Finished building: default.size.stdout
 
15:09:47 **** Incremental Build of configuration Debug for project LCD ****
make -j8 all 
arm-none-eabi-size   LCD.elf 
   text	   data	    bss	    dec	    hex	filename
  10704	     28	   1740	  12472	   30b8	LCD.elf
Finished building: default.size.stdout
 
15:11:07 **** Incremental Build of configuration Debug for project LCD ****
make -j8 all 
arm-none-eabi-gcc "../Core/Src/main.c" -mcpu=cortex-m4 -std=gnu11 -g3 -DDEBUG -DUSE_HAL_DRIVER -DSTM32F411xE -c -I../Core/Inc -I../Drivers/STM32F4xx_HAL_Driver/Inc -I../Drivers/STM32F4xx_HAL_Driver/Inc/Legacy -I../Drivers/CMSIS/Device/ST/STM32F4xx/Include -I../Drivers/CMSIS/Include -I"C:/Users/thanh/STM32CubeIDE/workspace_1.11.0/LCD/Lib" -O0 -ffunction-sections -fdata-sections -Wall -fstack-usage -MMD -MP -MF"Core/Src/main.d" -MT"Core/Src/main.o" --specs=nano.specs -mfpu=fpv4-sp-d16 -mfloat-abi=hard -mthumb -o "Core/Src/main.o"
../Core/Src/main.c: In function 'main':
../Core/Src/main.c:123:28: warning: passing argument 2 of 'LCD_Send_String' from incompatible pointer type [-Wincompatible-pointer-types]
  123 |    LCD_Send_String(&P_LCD, &data_t_res);
      |                            ^~~~~~~~~~~
      |                            |
      |                            char (*)[4]
In file included from ../Core/Src/main.c:24:
C:/Users/thanh/STM32CubeIDE/workspace_1.11.0/LCD/Lib/LCD_I2C.h:54:59: note: expected 'char *' but argument is of type 'char (*)[4]'
   54 | void LCD_Send_String (LCD_I2C_HandleTypeDef *p_LCD, char *str); // send string to the LCD
      |                                                     ~~~~~~^~~
../Core/Src/main.c:125:28: warning: passing argument 2 of 'LCD_Send_String' from incompatible pointer type [-Wincompatible-pointer-types]
  125 |    LCD_Send_String(&P_LCD, &data_t_set);
      |                            ^~~~~~~~~~~
      |                            |
      |                            char (*)[4]
In file included from ../Core/Src/main.c:24:
C:/Users/thanh/STM32CubeIDE/workspace_1.11.0/LCD/Lib/LCD_I2C.h:54:59: note: expected 'char *' but argument is of type 'char (*)[4]'
   54 | void LCD_Send_String (LCD_I2C_HandleTypeDef *p_LCD, char *str); // send string to the LCD
      |                                                     ~~~~~~^~~
../Core/Src/main.c:141:29: warning: passing argument 2 of 'LCD_Send_String' from incompatible pointer type [-Wincompatible-pointer-types]
  141 |     LCD_Send_String(&P_LCD, &data_t_res);
      |                             ^~~~~~~~~~~
      |                             |
      |                             char (*)[4]
In file included from ../Core/Src/main.c:24:
C:/Users/thanh/STM32CubeIDE/workspace_1.11.0/LCD/Lib/LCD_I2C.h:54:59: note: expected 'char *' but argument is of type 'char (*)[4]'
   54 | void LCD_Send_String (LCD_I2C_HandleTypeDef *p_LCD, char *str); // send string to the LCD
      |                                                     ~~~~~~^~~
../Core/Src/main.c:143:29: warning: passing argument 2 of 'LCD_Send_String' from incompatible pointer type [-Wincompatible-pointer-types]
  143 |     LCD_Send_String(&P_LCD, &data_t_set);
      |                             ^~~~~~~~~~~
      |                             |
      |                             char (*)[4]
In file included from ../Core/Src/main.c:24:
C:/Users/thanh/STM32CubeIDE/workspace_1.11.0/LCD/Lib/LCD_I2C.h:54:59: note: expected 'char *' but argument is of type 'char (*)[4]'
   54 | void LCD_Send_String (LCD_I2C_HandleTypeDef *p_LCD, char *str); // send string to the LCD
      |                                                     ~~~~~~^~~
arm-none-eabi-gcc -o "LCD.elf" @"objects.list"   -mcpu=cortex-m4 -T"C:\Users\thanh\STM32CubeIDE\workspace_1.11.0\LCD\STM32F411CEUX_FLASH.ld" --specs=nosys.specs -Wl,-Map="LCD.map" -Wl,--gc-sections -static --specs=nano.specs -mfpu=fpv4-sp-d16 -mfloat-abi=hard -mthumb -Wl,--start-group -lc -lm -Wl,--end-group
Finished building target: LCD.elf
 
arm-none-eabi-size   LCD.elf 
arm-none-eabi-objdump -h -S  LCD.elf  > "LCD.list"
   text	   data	    bss	    dec	    hex	filename
  10704	     28	   1740	  12472	   30b8	LCD.elf
Finished building: default.size.stdout
 
Finished building: LCD.list
 
15:13:25 **** Incremental Build of configuration Debug for project LCD ****
make -j8 all 
arm-none-eabi-gcc "../Core/Src/main.c" -mcpu=cortex-m4 -std=gnu11 -g3 -DDEBUG -DUSE_HAL_DRIVER -DSTM32F411xE -c -I../Core/Inc -I../Drivers/STM32F4xx_HAL_Driver/Inc -I../Drivers/STM32F4xx_HAL_Driver/Inc/Legacy -I../Drivers/CMSIS/Device/ST/STM32F4xx/Include -I../Drivers/CMSIS/Include -I"C:/Users/thanh/STM32CubeIDE/workspace_1.11.0/LCD/Lib" -O0 -ffunction-sections -fdata-sections -Wall -fstack-usage -MMD -MP -MF"Core/Src/main.d" -MT"Core/Src/main.o" --specs=nano.specs -mfpu=fpv4-sp-d16 -mfloat-abi=hard -mthumb -o "Core/Src/main.o"
../Core/Src/main.c: In function 'main':
../Core/Src/main.c:123:28: warning: passing argument 2 of 'LCD_Send_String' from incompatible pointer type [-Wincompatible-pointer-types]
  123 |    LCD_Send_String(&P_LCD, &data_t_res);
      |                            ^~~~~~~~~~~
      |                            |
      |                            char (*)[4]
In file included from ../Core/Src/main.c:24:
C:/Users/thanh/STM32CubeIDE/workspace_1.11.0/LCD/Lib/LCD_I2C.h:54:59: note: expected 'char *' but argument is of type 'char (*)[4]'
   54 | void LCD_Send_String (LCD_I2C_HandleTypeDef *p_LCD, char *str); // send string to the LCD
      |                                                     ~~~~~~^~~
../Core/Src/main.c:125:28: warning: passing argument 2 of 'LCD_Send_String' from incompatible pointer type [-Wincompatible-pointer-types]
  125 |    LCD_Send_String(&P_LCD, &data_t_set);
      |                            ^~~~~~~~~~~
      |                            |
      |                            char (*)[4]
In file included from ../Core/Src/main.c:24:
C:/Users/thanh/STM32CubeIDE/workspace_1.11.0/LCD/Lib/LCD_I2C.h:54:59: note: expected 'char *' but argument is of type 'char (*)[4]'
   54 | void LCD_Send_String (LCD_I2C_HandleTypeDef *p_LCD, char *str); // send string to the LCD
      |                                                     ~~~~~~^~~
../Core/Src/main.c:142:29: warning: passing argument 2 of 'LCD_Send_String' from incompatible pointer type [-Wincompatible-pointer-types]
  142 |     LCD_Send_String(&P_LCD, &data_t_res);
      |                             ^~~~~~~~~~~
      |                             |
      |                             char (*)[4]
In file included from ../Core/Src/main.c:24:
C:/Users/thanh/STM32CubeIDE/workspace_1.11.0/LCD/Lib/LCD_I2C.h:54:59: note: expected 'char *' but argument is of type 'char (*)[4]'
   54 | void LCD_Send_String (LCD_I2C_HandleTypeDef *p_LCD, char *str); // send string to the LCD
      |                                                     ~~~~~~^~~
../Core/Src/main.c:144:29: warning: passing argument 2 of 'LCD_Send_String' from incompatible pointer type [-Wincompatible-pointer-types]
  144 |     LCD_Send_String(&P_LCD, &data_t_set);
      |                             ^~~~~~~~~~~
      |                             |
      |                             char (*)[4]
In file included from ../Core/Src/main.c:24:
C:/Users/thanh/STM32CubeIDE/workspace_1.11.0/LCD/Lib/LCD_I2C.h:54:59: note: expected 'char *' but argument is of type 'char (*)[4]'
   54 | void LCD_Send_String (LCD_I2C_HandleTypeDef *p_LCD, char *str); // send string to the LCD
      |                                                     ~~~~~~^~~
arm-none-eabi-gcc -o "LCD.elf" @"objects.list"   -mcpu=cortex-m4 -T"C:\Users\thanh\STM32CubeIDE\workspace_1.11.0\LCD\STM32F411CEUX_FLASH.ld" --specs=nosys.specs -Wl,-Map="LCD.map" -Wl,--gc-sections -static --specs=nano.specs -mfpu=fpv4-sp-d16 -mfloat-abi=hard -mthumb -Wl,--start-group -lc -lm -Wl,--end-group
Finished building target: LCD.elf
 
arm-none-eabi-size   LCD.elf 
arm-none-eabi-objdump -h -S  LCD.elf  > "LCD.list"
   text	   data	    bss	    dec	    hex	filename
  10716	     28	   1740	  12484	   30c4	LCD.elf
Finished building: default.size.stdout
 
Finished building: LCD.list
 
15:15:18 **** Incremental Build of configuration Debug for project LCD ****
make -j8 all 
arm-none-eabi-gcc "../Core/Src/main.c" -mcpu=cortex-m4 -std=gnu11 -g3 -DDEBUG -DUSE_HAL_DRIVER -DSTM32F411xE -c -I../Core/Inc -I../Drivers/STM32F4xx_HAL_Driver/Inc -I../Drivers/STM32F4xx_HAL_Driver/Inc/Legacy -I../Drivers/CMSIS/Device/ST/STM32F4xx/Include -I../Drivers/CMSIS/Include -I"C:/Users/thanh/STM32CubeIDE/workspace_1.11.0/LCD/Lib" -O0 -ffunction-sections -fdata-sections -Wall -fstack-usage -MMD -MP -MF"Core/Src/main.d" -MT"Core/Src/main.o" --specs=nano.specs -mfpu=fpv4-sp-d16 -mfloat-abi=hard -mthumb -o "Core/Src/main.o"
../Core/Src/main.c: In function 'main':
../Core/Src/main.c:123:28: warning: passing argument 2 of 'LCD_Send_String' from incompatible pointer type [-Wincompatible-pointer-types]
  123 |    LCD_Send_String(&P_LCD, &data_t_res);
      |                            ^~~~~~~~~~~
      |                            |
      |                            char (*)[4]
In file included from ../Core/Src/main.c:24:
C:/Users/thanh/STM32CubeIDE/workspace_1.11.0/LCD/Lib/LCD_I2C.h:54:59: note: expected 'char *' but argument is of type 'char (*)[4]'
   54 | void LCD_Send_String (LCD_I2C_HandleTypeDef *p_LCD, char *str); // send string to the LCD
      |                                                     ~~~~~~^~~
../Core/Src/main.c:125:28: warning: passing argument 2 of 'LCD_Send_String' from incompatible pointer type [-Wincompatible-pointer-types]
  125 |    LCD_Send_String(&P_LCD, &data_t_set);
      |                            ^~~~~~~~~~~
      |                            |
      |                            char (*)[4]
In file included from ../Core/Src/main.c:24:
C:/Users/thanh/STM32CubeIDE/workspace_1.11.0/LCD/Lib/LCD_I2C.h:54:59: note: expected 'char *' but argument is of type 'char (*)[4]'
   54 | void LCD_Send_String (LCD_I2C_HandleTypeDef *p_LCD, char *str); // send string to the LCD
      |                                                     ~~~~~~^~~
../Core/Src/main.c:142:29: warning: passing argument 2 of 'LCD_Send_String' from incompatible pointer type [-Wincompatible-pointer-types]
  142 |     LCD_Send_String(&P_LCD, &data_t_res);
      |                             ^~~~~~~~~~~
      |                             |
      |                             char (*)[4]
In file included from ../Core/Src/main.c:24:
C:/Users/thanh/STM32CubeIDE/workspace_1.11.0/LCD/Lib/LCD_I2C.h:54:59: note: expected 'char *' but argument is of type 'char (*)[4]'
   54 | void LCD_Send_String (LCD_I2C_HandleTypeDef *p_LCD, char *str); // send string to the LCD
      |                                                     ~~~~~~^~~
../Core/Src/main.c:144:29: warning: passing argument 2 of 'LCD_Send_String' from incompatible pointer type [-Wincompatible-pointer-types]
  144 |     LCD_Send_String(&P_LCD, &data_t_set);
      |                             ^~~~~~~~~~~
      |                             |
      |                             char (*)[4]
In file included from ../Core/Src/main.c:24:
C:/Users/thanh/STM32CubeIDE/workspace_1.11.0/LCD/Lib/LCD_I2C.h:54:59: note: expected 'char *' but argument is of type 'char (*)[4]'
   54 | void LCD_Send_String (LCD_I2C_HandleTypeDef *p_LCD, char *str); // send string to the LCD
      |                                                     ~~~~~~^~~
arm-none-eabi-gcc -o "LCD.elf" @"objects.list"   -mcpu=cortex-m4 -T"C:\Users\thanh\STM32CubeIDE\workspace_1.11.0\LCD\STM32F411CEUX_FLASH.ld" --specs=nosys.specs -Wl,-Map="LCD.map" -Wl,--gc-sections -static --specs=nano.specs -mfpu=fpv4-sp-d16 -mfloat-abi=hard -mthumb -Wl,--start-group -lc -lm -Wl,--end-group
Finished building target: LCD.elf
 
arm-none-eabi-size   LCD.elf 
arm-none-eabi-objdump -h -S  LCD.elf  > "LCD.list"
   text	   data	    bss	    dec	    hex	filename
  10716	     28	   1740	  12484	   30c4	LCD.elf
Finished building: default.size.stdout
 
Finished building: LCD.list
 
15:16:56 **** Incremental Build of configuration Debug for project LCD ****
make -j8 all 
arm-none-eabi-size   LCD.elf 
   text	   data	    bss	    dec	    hex	filename
  10716	     28	   1740	  12484	   30c4	LCD.elf
Finished building: default.size.stdout
 
15:17:39 **** Incremental Build of configuration Debug for project LCD ****
make -j8 all 
arm-none-eabi-size   LCD.elf 
   text	   data	    bss	    dec	    hex	filename
  10716	     28	   1740	  12484	   30c4	LCD.elf
Finished building: default.size.stdout
 
15:19:07 **** Incremental Build of configuration Debug for project LCD ****
make -j8 all 
arm-none-eabi-gcc "../Core/Src/main.c" -mcpu=cortex-m4 -std=gnu11 -g3 -DDEBUG -DUSE_HAL_DRIVER -DSTM32F411xE -c -I../Core/Inc -I../Drivers/STM32F4xx_HAL_Driver/Inc -I../Drivers/STM32F4xx_HAL_Driver/Inc/Legacy -I../Drivers/CMSIS/Device/ST/STM32F4xx/Include -I../Drivers/CMSIS/Include -I"C:/Users/thanh/STM32CubeIDE/workspace_1.11.0/LCD/Lib" -O0 -ffunction-sections -fdata-sections -Wall -fstack-usage -MMD -MP -MF"Core/Src/main.d" -MT"Core/Src/main.o" --specs=nano.specs -mfpu=fpv4-sp-d16 -mfloat-abi=hard -mthumb -o "Core/Src/main.o"
../Core/Src/main.c: In function 'main':
../Core/Src/main.c:123:28: warning: passing argument 2 of 'LCD_Send_String' from incompatible pointer type [-Wincompatible-pointer-types]
  123 |    LCD_Send_String(&P_LCD, &data_t_res);
      |                            ^~~~~~~~~~~
      |                            |
      |                            char (*)[4]
In file included from ../Core/Src/main.c:24:
C:/Users/thanh/STM32CubeIDE/workspace_1.11.0/LCD/Lib/LCD_I2C.h:54:59: note: expected 'char *' but argument is of type 'char (*)[4]'
   54 | void LCD_Send_String (LCD_I2C_HandleTypeDef *p_LCD, char *str); // send string to the LCD
      |                                                     ~~~~~~^~~
../Core/Src/main.c:125:28: warning: passing argument 2 of 'LCD_Send_String' from incompatible pointer type [-Wincompatible-pointer-types]
  125 |    LCD_Send_String(&P_LCD, &data_t_set);
      |                            ^~~~~~~~~~~
      |                            |
      |                            char (*)[4]
In file included from ../Core/Src/main.c:24:
C:/Users/thanh/STM32CubeIDE/workspace_1.11.0/LCD/Lib/LCD_I2C.h:54:59: note: expected 'char *' but argument is of type 'char (*)[4]'
   54 | void LCD_Send_String (LCD_I2C_HandleTypeDef *p_LCD, char *str); // send string to the LCD
      |                                                     ~~~~~~^~~
../Core/Src/main.c:142:29: warning: passing argument 2 of 'LCD_Send_String' from incompatible pointer type [-Wincompatible-pointer-types]
  142 |     LCD_Send_String(&P_LCD, &data_t_res);
      |                             ^~~~~~~~~~~
      |                             |
      |                             char (*)[4]
In file included from ../Core/Src/main.c:24:
C:/Users/thanh/STM32CubeIDE/workspace_1.11.0/LCD/Lib/LCD_I2C.h:54:59: note: expected 'char *' but argument is of type 'char (*)[4]'
   54 | void LCD_Send_String (LCD_I2C_HandleTypeDef *p_LCD, char *str); // send string to the LCD
      |                                                     ~~~~~~^~~
../Core/Src/main.c:144:29: warning: passing argument 2 of 'LCD_Send_String' from incompatible pointer type [-Wincompatible-pointer-types]
  144 |     LCD_Send_String(&P_LCD, &data_t_set);
      |                             ^~~~~~~~~~~
      |                             |
      |                             char (*)[4]
In file included from ../Core/Src/main.c:24:
C:/Users/thanh/STM32CubeIDE/workspace_1.11.0/LCD/Lib/LCD_I2C.h:54:59: note: expected 'char *' but argument is of type 'char (*)[4]'
   54 | void LCD_Send_String (LCD_I2C_HandleTypeDef *p_LCD, char *str); // send string to the LCD
      |                                                     ~~~~~~^~~
arm-none-eabi-gcc -o "LCD.elf" @"objects.list"   -mcpu=cortex-m4 -T"C:\Users\thanh\STM32CubeIDE\workspace_1.11.0\LCD\STM32F411CEUX_FLASH.ld" --specs=nosys.specs -Wl,-Map="LCD.map" -Wl,--gc-sections -static --specs=nano.specs -mfpu=fpv4-sp-d16 -mfloat-abi=hard -mthumb -Wl,--start-group -lc -lm -Wl,--end-group
Finished building target: LCD.elf
 
arm-none-eabi-size   LCD.elf 
arm-none-eabi-objdump -h -S  LCD.elf  > "LCD.list"
   text	   data	    bss	    dec	    hex	filename
  10716	     28	   1740	  12484	   30c4	LCD.elf
Finished building: default.size.stdout
 
Finished building: LCD.list
 
15:22:37 **** Incremental Build of configuration Debug for project LCD ****
make -j8 all 
arm-none-eabi-size   LCD.elf 
   text	   data	    bss	    dec	    hex	filename
  10716	     28	   1740	  12484	   30c4	LCD.elf
Finished building: default.size.stdout
 
15:24:09 **** Incremental Build of configuration Debug for project LCD ****
make -j8 all 
arm-none-eabi-gcc "../Core/Src/main.c" -mcpu=cortex-m4 -std=gnu11 -g3 -DDEBUG -DUSE_HAL_DRIVER -DSTM32F411xE -c -I../Core/Inc -I../Drivers/STM32F4xx_HAL_Driver/Inc -I../Drivers/STM32F4xx_HAL_Driver/Inc/Legacy -I../Drivers/CMSIS/Device/ST/STM32F4xx/Include -I../Drivers/CMSIS/Include -I"C:/Users/thanh/STM32CubeIDE/workspace_1.11.0/LCD/Lib" -O0 -ffunction-sections -fdata-sections -Wall -fstack-usage -MMD -MP -MF"Core/Src/main.d" -MT"Core/Src/main.o" --specs=nano.specs -mfpu=fpv4-sp-d16 -mfloat-abi=hard -mthumb -o "Core/Src/main.o"
../Core/Src/main.c: In function 'main':
../Core/Src/main.c:123:28: warning: passing argument 2 of 'LCD_Send_String' from incompatible pointer type [-Wincompatible-pointer-types]
  123 |    LCD_Send_String(&P_LCD, &data_t_res);
      |                            ^~~~~~~~~~~
      |                            |
      |                            char (*)[4]
In file included from ../Core/Src/main.c:24:
C:/Users/thanh/STM32CubeIDE/workspace_1.11.0/LCD/Lib/LCD_I2C.h:54:59: note: expected 'char *' but argument is of type 'char (*)[4]'
   54 | void LCD_Send_String (LCD_I2C_HandleTypeDef *p_LCD, char *str); // send string to the LCD
      |                                                     ~~~~~~^~~
../Core/Src/main.c:125:28: warning: passing argument 2 of 'LCD_Send_String' from incompatible pointer type [-Wincompatible-pointer-types]
  125 |    LCD_Send_String(&P_LCD, &data_t_set);
      |                            ^~~~~~~~~~~
      |                            |
      |                            char (*)[4]
In file included from ../Core/Src/main.c:24:
C:/Users/thanh/STM32CubeIDE/workspace_1.11.0/LCD/Lib/LCD_I2C.h:54:59: note: expected 'char *' but argument is of type 'char (*)[4]'
   54 | void LCD_Send_String (LCD_I2C_HandleTypeDef *p_LCD, char *str); // send string to the LCD
      |                                                     ~~~~~~^~~
../Core/Src/main.c:143:29: warning: passing argument 2 of 'LCD_Send_String' from incompatible pointer type [-Wincompatible-pointer-types]
  143 |     LCD_Send_String(&P_LCD, &data_t_res);
      |                             ^~~~~~~~~~~
      |                             |
      |                             char (*)[4]
In file included from ../Core/Src/main.c:24:
C:/Users/thanh/STM32CubeIDE/workspace_1.11.0/LCD/Lib/LCD_I2C.h:54:59: note: expected 'char *' but argument is of type 'char (*)[4]'
   54 | void LCD_Send_String (LCD_I2C_HandleTypeDef *p_LCD, char *str); // send string to the LCD
      |                                                     ~~~~~~^~~
../Core/Src/main.c:145:29: warning: passing argument 2 of 'LCD_Send_String' from incompatible pointer type [-Wincompatible-pointer-types]
  145 |     LCD_Send_String(&P_LCD, &data_t_set);
      |                             ^~~~~~~~~~~
      |                             |
      |                             char (*)[4]
In file included from ../Core/Src/main.c:24:
C:/Users/thanh/STM32CubeIDE/workspace_1.11.0/LCD/Lib/LCD_I2C.h:54:59: note: expected 'char *' but argument is of type 'char (*)[4]'
   54 | void LCD_Send_String (LCD_I2C_HandleTypeDef *p_LCD, char *str); // send string to the LCD
      |                                                     ~~~~~~^~~
arm-none-eabi-gcc -o "LCD.elf" @"objects.list"   -mcpu=cortex-m4 -T"C:\Users\thanh\STM32CubeIDE\workspace_1.11.0\LCD\STM32F411CEUX_FLASH.ld" --specs=nosys.specs -Wl,-Map="LCD.map" -Wl,--gc-sections -static --specs=nano.specs -mfpu=fpv4-sp-d16 -mfloat-abi=hard -mthumb -Wl,--start-group -lc -lm -Wl,--end-group
Finished building target: LCD.elf
 
arm-none-eabi-size   LCD.elf 
arm-none-eabi-objdump -h -S  LCD.elf  > "LCD.list"
   text	   data	    bss	    dec	    hex	filename
  10732	     28	   1740	  12500	   30d4	LCD.elf
Finished building: default.size.stdout
 
Finished building: LCD.list
 
15:25:02 **** Incremental Build of configuration Debug for project LCD ****
make -j8 all 
arm-none-eabi-gcc "../Core/Src/main.c" -mcpu=cortex-m4 -std=gnu11 -g3 -DDEBUG -DUSE_HAL_DRIVER -DSTM32F411xE -c -I../Core/Inc -I../Drivers/STM32F4xx_HAL_Driver/Inc -I../Drivers/STM32F4xx_HAL_Driver/Inc/Legacy -I../Drivers/CMSIS/Device/ST/STM32F4xx/Include -I../Drivers/CMSIS/Include -I"C:/Users/thanh/STM32CubeIDE/workspace_1.11.0/LCD/Lib" -O0 -ffunction-sections -fdata-sections -Wall -fstack-usage -MMD -MP -MF"Core/Src/main.d" -MT"Core/Src/main.o" --specs=nano.specs -mfpu=fpv4-sp-d16 -mfloat-abi=hard -mthumb -o "Core/Src/main.o"
../Core/Src/main.c: In function 'main':
../Core/Src/main.c:123:28: warning: passing argument 2 of 'LCD_Send_String' from incompatible pointer type [-Wincompatible-pointer-types]
  123 |    LCD_Send_String(&P_LCD, &data_t_res);
      |                            ^~~~~~~~~~~
      |                            |
      |                            char (*)[4]
In file included from ../Core/Src/main.c:24:
C:/Users/thanh/STM32CubeIDE/workspace_1.11.0/LCD/Lib/LCD_I2C.h:54:59: note: expected 'char *' but argument is of type 'char (*)[4]'
   54 | void LCD_Send_String (LCD_I2C_HandleTypeDef *p_LCD, char *str); // send string to the LCD
      |                                                     ~~~~~~^~~
../Core/Src/main.c:125:28: warning: passing argument 2 of 'LCD_Send_String' from incompatible pointer type [-Wincompatible-pointer-types]
  125 |    LCD_Send_String(&P_LCD, &data_t_set);
      |                            ^~~~~~~~~~~
      |                            |
      |                            char (*)[4]
In file included from ../Core/Src/main.c:24:
C:/Users/thanh/STM32CubeIDE/workspace_1.11.0/LCD/Lib/LCD_I2C.h:54:59: note: expected 'char *' but argument is of type 'char (*)[4]'
   54 | void LCD_Send_String (LCD_I2C_HandleTypeDef *p_LCD, char *str); // send string to the LCD
      |                                                     ~~~~~~^~~
../Core/Src/main.c:143:29: warning: passing argument 2 of 'LCD_Send_String' from incompatible pointer type [-Wincompatible-pointer-types]
  143 |     LCD_Send_String(&P_LCD, &data_t_res);
      |                             ^~~~~~~~~~~
      |                             |
      |                             char (*)[4]
In file included from ../Core/Src/main.c:24:
C:/Users/thanh/STM32CubeIDE/workspace_1.11.0/LCD/Lib/LCD_I2C.h:54:59: note: expected 'char *' but argument is of type 'char (*)[4]'
   54 | void LCD_Send_String (LCD_I2C_HandleTypeDef *p_LCD, char *str); // send string to the LCD
      |                                                     ~~~~~~^~~
../Core/Src/main.c:145:29: warning: passing argument 2 of 'LCD_Send_String' from incompatible pointer type [-Wincompatible-pointer-types]
  145 |     LCD_Send_String(&P_LCD, &data_t_set);
      |                             ^~~~~~~~~~~
      |                             |
      |                             char (*)[4]
In file included from ../Core/Src/main.c:24:
C:/Users/thanh/STM32CubeIDE/workspace_1.11.0/LCD/Lib/LCD_I2C.h:54:59: note: expected 'char *' but argument is of type 'char (*)[4]'
   54 | void LCD_Send_String (LCD_I2C_HandleTypeDef *p_LCD, char *str); // send string to the LCD
      |                                                     ~~~~~~^~~
arm-none-eabi-gcc -o "LCD.elf" @"objects.list"   -mcpu=cortex-m4 -T"C:\Users\thanh\STM32CubeIDE\workspace_1.11.0\LCD\STM32F411CEUX_FLASH.ld" --specs=nosys.specs -Wl,-Map="LCD.map" -Wl,--gc-sections -static --specs=nano.specs -mfpu=fpv4-sp-d16 -mfloat-abi=hard -mthumb -Wl,--start-group -lc -lm -Wl,--end-group
Finished building target: LCD.elf
 
arm-none-eabi-size   LCD.elf 
arm-none-eabi-objdump -h -S  LCD.elf  > "LCD.list"
   text	   data	    bss	    dec	    hex	filename
  10732	     28	   1740	  12500	   30d4	LCD.elf
Finished building: default.size.stdout
 
Finished building: LCD.list
 
15:25:56 **** Incremental Build of configuration Debug for project LCD ****
make -j8 all 
arm-none-eabi-gcc "../Core/Src/main.c" -mcpu=cortex-m4 -std=gnu11 -g3 -DDEBUG -DUSE_HAL_DRIVER -DSTM32F411xE -c -I../Core/Inc -I../Drivers/STM32F4xx_HAL_Driver/Inc -I../Drivers/STM32F4xx_HAL_Driver/Inc/Legacy -I../Drivers/CMSIS/Device/ST/STM32F4xx/Include -I../Drivers/CMSIS/Include -I"C:/Users/thanh/STM32CubeIDE/workspace_1.11.0/LCD/Lib" -O0 -ffunction-sections -fdata-sections -Wall -fstack-usage -MMD -MP -MF"Core/Src/main.d" -MT"Core/Src/main.o" --specs=nano.specs -mfpu=fpv4-sp-d16 -mfloat-abi=hard -mthumb -o "Core/Src/main.o"
../Core/Src/main.c: In function 'main':
../Core/Src/main.c:143:29: warning: passing argument 2 of 'LCD_Send_String' from incompatible pointer type [-Wincompatible-pointer-types]
  143 |     LCD_Send_String(&P_LCD, &data_t_res);
      |                             ^~~~~~~~~~~
      |                             |
      |                             char (*)[4]
In file included from ../Core/Src/main.c:24:
C:/Users/thanh/STM32CubeIDE/workspace_1.11.0/LCD/Lib/LCD_I2C.h:54:59: note: expected 'char *' but argument is of type 'char (*)[4]'
   54 | void LCD_Send_String (LCD_I2C_HandleTypeDef *p_LCD, char *str); // send string to the LCD
      |                                                     ~~~~~~^~~
../Core/Src/main.c:145:29: warning: passing argument 2 of 'LCD_Send_String' from incompatible pointer type [-Wincompatible-pointer-types]
  145 |     LCD_Send_String(&P_LCD, &data_t_set);
      |                             ^~~~~~~~~~~
      |                             |
      |                             char (*)[4]
In file included from ../Core/Src/main.c:24:
C:/Users/thanh/STM32CubeIDE/workspace_1.11.0/LCD/Lib/LCD_I2C.h:54:59: note: expected 'char *' but argument is of type 'char (*)[4]'
   54 | void LCD_Send_String (LCD_I2C_HandleTypeDef *p_LCD, char *str); // send string to the LCD
      |                                                     ~~~~~~^~~
arm-none-eabi-gcc -o "LCD.elf" @"objects.list"   -mcpu=cortex-m4 -T"C:\Users\thanh\STM32CubeIDE\workspace_1.11.0\LCD\STM32F411CEUX_FLASH.ld" --specs=nosys.specs -Wl,-Map="LCD.map" -Wl,--gc-sections -static --specs=nano.specs -mfpu=fpv4-sp-d16 -mfloat-abi=hard -mthumb -Wl,--start-group -lc -lm -Wl,--end-group
Finished building target: LCD.elf
 
arm-none-eabi-size   LCD.elf 
arm-none-eabi-objdump -h -S  LCD.elf  > "LCD.list"
   text	   data	    bss	    dec	    hex	filename
  10744	     28	   1740	  12512	   30e0	LCD.elf
Finished building: default.size.stdout
 
Finished building: LCD.list
 
15:26:31 **** Incremental Build of configuration Debug for project LCD ****
make -j8 all 
arm-none-eabi-size   LCD.elf 
   text	   data	    bss	    dec	    hex	filename
  10744	     28	   1740	  12512	   30e0	LCD.elf
Finished building: default.size.stdout
 
15:26:45 **** Incremental Build of configuration Debug for project LCD ****
make -j8 all 
arm-none-eabi-size   LCD.elf 
   text	   data	    bss	    dec	    hex	filename
  10744	     28	   1740	  12512	   30e0	LCD.elf
Finished building: default.size.stdout
 
15:27:52 **** Incremental Build of configuration Debug for project LCD ****
make -j8 all 
arm-none-eabi-gcc "../Core/Src/main.c" -mcpu=cortex-m4 -std=gnu11 -g3 -DDEBUG -DUSE_HAL_DRIVER -DSTM32F411xE -c -I../Core/Inc -I../Drivers/STM32F4xx_HAL_Driver/Inc -I../Drivers/STM32F4xx_HAL_Driver/Inc/Legacy -I../Drivers/CMSIS/Device/ST/STM32F4xx/Include -I../Drivers/CMSIS/Include -I"C:/Users/thanh/STM32CubeIDE/workspace_1.11.0/LCD/Lib" -O0 -ffunction-sections -fdata-sections -Wall -fstack-usage -MMD -MP -MF"Core/Src/main.d" -MT"Core/Src/main.o" --specs=nano.specs -mfpu=fpv4-sp-d16 -mfloat-abi=hard -mthumb -o "Core/Src/main.o"
../Core/Src/main.c: In function 'main':
../Core/Src/main.c:123:28: warning: passing argument 2 of 'LCD_Send_String' from incompatible pointer type [-Wincompatible-pointer-types]
  123 |    LCD_Send_String(&P_LCD, &data_t_res);
      |                            ^~~~~~~~~~~
      |                            |
      |                            char (*)[4]
In file included from ../Core/Src/main.c:24:
C:/Users/thanh/STM32CubeIDE/workspace_1.11.0/LCD/Lib/LCD_I2C.h:54:59: note: expected 'char *' but argument is of type 'char (*)[4]'
   54 | void LCD_Send_String (LCD_I2C_HandleTypeDef *p_LCD, char *str); // send string to the LCD
      |                                                     ~~~~~~^~~
../Core/Src/main.c:125:28: warning: passing argument 2 of 'LCD_Send_String' from incompatible pointer type [-Wincompatible-pointer-types]
  125 |    LCD_Send_String(&P_LCD, &data_t_set);
      |                            ^~~~~~~~~~~
      |                            |
      |                            char (*)[4]
In file included from ../Core/Src/main.c:24:
C:/Users/thanh/STM32CubeIDE/workspace_1.11.0/LCD/Lib/LCD_I2C.h:54:59: note: expected 'char *' but argument is of type 'char (*)[4]'
   54 | void LCD_Send_String (LCD_I2C_HandleTypeDef *p_LCD, char *str); // send string to the LCD
      |                                                     ~~~~~~^~~
../Core/Src/main.c:143:29: warning: passing argument 2 of 'LCD_Send_String' from incompatible pointer type [-Wincompatible-pointer-types]
  143 |     LCD_Send_String(&P_LCD, &data_t_res);
      |                             ^~~~~~~~~~~
      |                             |
      |                             char (*)[4]
In file included from ../Core/Src/main.c:24:
C:/Users/thanh/STM32CubeIDE/workspace_1.11.0/LCD/Lib/LCD_I2C.h:54:59: note: expected 'char *' but argument is of type 'char (*)[4]'
   54 | void LCD_Send_String (LCD_I2C_HandleTypeDef *p_LCD, char *str); // send string to the LCD
      |                                                     ~~~~~~^~~
../Core/Src/main.c:145:29: warning: passing argument 2 of 'LCD_Send_String' from incompatible pointer type [-Wincompatible-pointer-types]
  145 |     LCD_Send_String(&P_LCD, &data_t_set);
      |                             ^~~~~~~~~~~
      |                             |
      |                             char (*)[4]
In file included from ../Core/Src/main.c:24:
C:/Users/thanh/STM32CubeIDE/workspace_1.11.0/LCD/Lib/LCD_I2C.h:54:59: note: expected 'char *' but argument is of type 'char (*)[4]'
   54 | void LCD_Send_String (LCD_I2C_HandleTypeDef *p_LCD, char *str); // send string to the LCD
      |                                                     ~~~~~~^~~
arm-none-eabi-gcc -o "LCD.elf" @"objects.list"   -mcpu=cortex-m4 -T"C:\Users\thanh\STM32CubeIDE\workspace_1.11.0\LCD\STM32F411CEUX_FLASH.ld" --specs=nosys.specs -Wl,-Map="LCD.map" -Wl,--gc-sections -static --specs=nano.specs -mfpu=fpv4-sp-d16 -mfloat-abi=hard -mthumb -Wl,--start-group -lc -lm -Wl,--end-group
Finished building target: LCD.elf
 
arm-none-eabi-size   LCD.elf 
arm-none-eabi-objdump -h -S  LCD.elf  > "LCD.list"
   text	   data	    bss	    dec	    hex	filename
  10732	     28	   1740	  12500	   30d4	LCD.elf
Finished building: default.size.stdout
 
Finished building: LCD.list
 
15:30:04 **** Incremental Build of configuration Debug for project LCD ****
make -j8 all 
arm-none-eabi-size   LCD.elf 
   text	   data	    bss	    dec	    hex	filename
  10732	     28	   1740	  12500	   30d4	LCD.elf
Finished building: default.size.stdout
 
15:30:51 **** Incremental Build of configuration Debug for project LCD ****
make -j8 all 
arm-none-eabi-size   LCD.elf 
   text	   data	    bss	    dec	    hex	filename
  10732	     28	   1740	  12500	   30d4	LCD.elf
Finished building: default.size.stdout
 
