12:45:20 **** Incremental Build of configuration Debug for project Xe_bluetooth ****
make -j8 all 
arm-none-eabi-gcc "../Core/Src/main.c" -mcpu=cortex-m3 -std=gnu11 -g3 -DDEBUG -DUSE_HAL_DRIVER -DSTM32F103xB -c -I../Core/Inc -I../Drivers/STM32F1xx_HAL_Driver/Inc/Legacy -I../Drivers/STM32F1xx_HAL_Driver/Inc -I../Drivers/CMSIS/Device/ST/STM32F1xx/Include -I../Drivers/CMSIS/Include -O0 -ffunction-sections -fdata-sections -Wall -fstack-usage -MMD -MP -MF"Core/Src/main.d" -MT"Core/Src/main.o" --specs=nano.specs -mfloat-abi=soft -mthumb -o "Core/Src/main.o"
arm-none-eabi-gcc -o "Xe_bluetooth.elf" @"objects.list"   -mcpu=cortex-m3 -T"C:\Users\thanh\STM32CubeIDE\workspace_1.11.0\Xe_bluetooth\STM32F103C8TX_FLASH.ld" --specs=nosys.specs -Wl,-Map="Xe_bluetooth.map" -Wl,--gc-sections -static --specs=nano.specs -mfloat-abi=soft -mthumb -Wl,--start-group -lc -lm -Wl,--end-group
Finished building target: Xe_bluetooth.elf
 
arm-none-eabi-size   Xe_bluetooth.elf 
arm-none-eabi-objdump -h -S  Xe_bluetooth.elf  > "Xe_bluetooth.list"
   text	   data	    bss	    dec	    hex	filename
  19732	     48	   3048	  22828	   592c	Xe_bluetooth.elf
Finished building: default.size.stdout
 
Finished building: Xe_bluetooth.list
 

12:45:21 Build Finished. 0 errors, 0 warnings. (took 884ms)

